src/components/admin/AdminLayout.tsx(15,3): error TS6133: 'ChevronDown' is declared but its value is never read.
src/components/admin/AdminLayout.tsx(22,10): error TS6133: 'userMenuOpen' is declared but its value is never read.
src/components/admin/AdminLayout.tsx(22,24): error TS6133: 'setUserMenuOpen' is declared but its value is never read.
src/components/admin/Dashboard.tsx(3,3): error TS2305: Module '"../../lib/api"' has no exported member 'fetchInsights'.
src/components/admin/Dashboard.tsx(4,3): error TS2305: Module '"../../lib/api"' has no exported member 'fetchPartners'.
src/components/admin/Dashboard.tsx(6,3): error TS2305: Module '"../../lib/api"' has no exported member 'fetchPhotos'.
src/components/admin/Dashboard.tsx(7,3): error TS2305: Module '"../../lib/api"' has no exported member 'fetchEmployees'.
src/components/admin/Dashboard.tsx(10,3): error TS6133: 'LayoutDashboard' is declared but its value is never read.
src/components/admin/Dashboard.tsx(11,3): error TS6133: 'Users' is declared but its value is never read.
src/components/admin/Dashboard.tsx(18,3): error TS6133: 'Video' is declared but its value is never read.
src/components/admin/Dashboard.tsx(19,3): error TS6133: 'AlertTriangle' is declared but its value is never read.
src/components/admin/Dashboard.tsx(47,46): error TS7006: Parameter 'acc' implicitly has an 'any' type.
src/components/admin/Dashboard.tsx(47,51): error TS7006: Parameter 'pillar' implicitly has an 'any' type.
src/components/admin/Dashboard.tsx(53,51): error TS7006: Parameter 'acc' implicitly has an 'any' type.
src/components/admin/Dashboard.tsx(53,56): error TS7006: Parameter 'item' implicitly has an 'any' type.
src/components/admin/Dashboard.tsx(68,39): error TS7006: Parameter 'i' implicitly has an 'any' type.
src/components/admin/Dashboard.tsx(69,37): error TS7006: Parameter 'p' implicitly has an 'any' type.
src/components/admin/InsightManager.tsx(2,10): error TS6133: 'Trash2' is declared but its value is never read.
src/components/admin/InsightManager.tsx(2,80): error TS6133: 'Filter' is declared but its value is never read.
src/components/admin/InsightManager.tsx(3,10): error TS2305: Module '"../../lib/api"' has no exported member 'fetchInsights'.
src/components/admin/PhotoManager.tsx(2,55): error TS6133: 'Filter' is declared but its value is never read.
src/components/admin/PhotoManager.tsx(3,10): error TS2305: Module '"../../lib/api"' has no exported member 'fetchPhotos'.
src/components/admin/PhotoManager.tsx(16,12): error TS6133: 'isUploading' is declared but its value is never read.
src/components/admin/ServiceManager.tsx(2,10): error TS6133: 'Trash2' is declared but its value is never read.
src/components/admin/ServiceManager.tsx(2,58): error TS6133: 'Filter' is declared but its value is never read.
src/components/admin/ServiceManager.tsx(2,66): error TS6133: 'ChevronRight' is declared but its value is never read.
src/components/admin/ServiceManager.tsx(19,12): error TS6133: 'activeServiceId' is declared but its value is never read.
src/components/CompanyPhotos.tsx(4,40): error TS6133: 'Users' is declared but its value is never read.
src/components/CompanyPhotos.tsx(4,47): error TS6133: 'Server' is declared but its value is never read.
src/components/Contact.tsx(5,10): error TS2305: Module '"../lib/api"' has no exported member 'submitContact'.
src/components/Contact.tsx(5,30): error TS2305: Module '"../lib/api"' has no exported member 'ContactData'.
src/components/Contact.tsx(33,17): error TS7006: Parameter 'prev' implicitly has an 'any' type.
src/components/ContactContext.tsx(2,54): error TS1484: 'ReactNode' is a type and must be imported using a type-only import when 'verbatimModuleSyntax' is enabled.
src/components/ContactModal.tsx(6,10): error TS2305: Module '"../lib/api"' has no exported member 'submitContact'.
src/components/ContactModal.tsx(6,30): error TS2305: Module '"../lib/api"' has no exported member 'ContactData'.
src/components/ContactModal.tsx(46,17): error TS7006: Parameter 'prev' implicitly has an 'any' type.
src/components/Hero.tsx(5,10): error TS2305: Module '"../lib/api"' has no exported member 'fetchSystemStatus'.
src/components/Hero.tsx(5,34): error TS2305: Module '"../lib/api"' has no exported member 'SystemStatus'.
src/components/HumanIntel.tsx(5,10): error TS6133: 'UserCheck' is declared but its value is never read.
src/components/InsightsFeed.tsx(6,10): error TS2305: Module '"../lib/api"' has no exported member 'fetchInsights'.
src/components/InsightsFeed.tsx(6,30): error TS2305: Module '"../lib/api"' has no exported member 'Insight'.
src/lib/ContactContext.tsx(2,54): error TS1484: 'ReactNode' is a type and must be imported using a type-only import when 'verbatimModuleSyntax' is enabled.
src/pages/InsightCategoryPage.tsx(4,10): error TS2305: Module '"../lib/api"' has no exported member 'fetchInsights'.
src/pages/InsightCategoryPage.tsx(4,30): error TS2305: Module '"../lib/api"' has no exported member 'Insight'.
src/pages/InsightCategoryPage.tsx(25,23): error TS7006: Parameter 'item' implicitly has an 'any' type.
src/pages/InsightDetailPage.tsx(5,10): error TS2305: Module '"../lib/api"' has no exported member 'fetchInsightById'.
src/pages/InsightDetailPage.tsx(5,33): error TS2305: Module '"../lib/api"' has no exported member 'Insight'.
src/pages/InsightDetailPage.tsx(130,34): error TS7006: Parameter 'paragraph' implicitly has an 'any' type.
src/pages/InsightDetailPage.tsx(130,45): error TS7006: Parameter 'idx' implicitly has an 'any' type.
src/pages/WhyPhezuluPage.tsx(4,38): error TS6133: 'Zap' is declared but its value is never read.
src/pages/WhyPhezuluPage.tsx(4,64): error TS6133: 'Database' is declared but its value is never read.
src/pages/WhyPhezuluPage.tsx(4,86): error TS6133: 'CheckCircle' is declared but its value is never read.
